
> consumaquinayequipos@0.1.0 build
> next build

Ôû▓ Next.js 16.1.6 (Turbopack)
- Environments: .env.production.local, .env.local

node.exe : ÔÜá The 
"middleware" file 
convention is 
deprecated. Please 
use "proxy" instead. 
Learn more: https://n
extjs.org/docs/messag
es/middleware-to-prox
y
En línea: 1 
Carácter: 1
+ & "C:\Program Files
\nodejs/node.exe" 
"C:\Program 
Files\nodejs/node_mo 
...
+ ~~~~~~~~~~~~~~~~~~~
~~~~~~~~~~~~~~~~~~~~~
~~~~~~~~~~~~~~~~~~~~~
~~~~~~~~
    + CategoryInfo   
           : 
NotSpecifi    ed: 
(ÔÜá The "midd    
le...leware-to-pro   
 xy:String) [], Rem  
  oteException
    + 
FullyQualifiedEr    
rorId : NativeComm   
 andError
 
  Creating an optimized production build ...

> Build error 
occurred
Error: Turbopack 
build failed with 1 
errors:
./src/app/api/auth/go
ogle/callback/route.t
s:4:1
Module not found: 
Can't resolve 
'bcrypt'
[0m [90m 2 |[39m 
[36mimport[39m { 
sql } [36mfrom[39m 
[32m"@/lib/db"[39m
[33m;[39m
 [90m 3 |[39m 
[36mimport[39m { 
[33mSignJWT[39m } 
[36mfrom[39m [32m"
jose"[39m[33m;[39m
[31m[1m>[22m[39m
[90m 4 |[39m 
[36mimport[39m 
bcrypt 
[36mfrom[39m [32m"
bcrypt"[39m[33m;[3
9m
 [90m   |[39m [31m
[1m^[22m[39m[31m
[1m^[22m[39m[31m[
1m^[22m[39m[31m[1
m^[22m[39m[31m[1m
^[22m[39m[31m[1m^
[22m[39m[31m[1m^
[22m[39m[31m[1m^[
22m[39m[31m[1m^[2
2m[39m[31m[1m^[22
m[39m[31m[1m^[22m
[39m[31m[1m^[22m
[39m[31m[1m^[22m[
39m[31m[1m^[22m[3
9m[31m[1m^[22m[39
m[31m[1m^[22m[39m
[31m[1m^[22m[39m
[31m[1m^[22m[39m[
31m[1m^[22m[39m[3
1m[1m^[22m[39m[31
m[1m^[22m[39m[31m
[1m^[22m[39m[31m
[1m^[22m[39m[31m[
1m^[22m[39m[31m[1
m^[22m[39m[31m[1m
^[22m[39m[31m[1m^
[22m[39m[31m[1m^
[22m[39m
 [90m 5 |[39m 
[36mimport[39m 
crypto 
[36mfrom[39m [32m"
crypto"[39m[33m;[3
9m
 [90m 6 |[39m
 [90m 7 |[39m 
[36mconst[39m 
[33mJWT_SECRET[39m 
[33m=[39m 
[36mnew[39m [33mTe
xtEncoder[39m()[33m
.[39mencode([0m



https://nextjs.org/do
cs/messages/module-no
t-found


    at <unknown> (./s
rc/app/api/auth/googl
e/callback/route.ts:4
:1)
    at <unknown> (htt
ps://nextjs.org/docs/
messages/module-not-f
ound)
